INTERNAL VOLUMES


(1 m, 0.01 m, 10 m) => 31.4159 m^3
(1 m, 0.01 m, 20 m) => 62.8319 m^3
(1 m, 0.01 m, 30 m) => 94.2478 m^3
(1 m, 0.02 m, 10 m) => 31.4159 m^3
(1 m, 0.02 m, 20 m) => 62.8319 m^3
(1 m, 0.02 m, 30 m) => 94.2478 m^3
(1 m, 0.03 m, 10 m) => 31.4159 m^3
(1 m, 0.03 m, 20 m) => 62.8319 m^3
(1 m, 0.03 m, 30 m) => 94.2478 m^3
(2 m, 0.01 m, 10 m) => 125.664 m^3
(2 m, 0.01 m, 20 m) => 251.327 m^3
(2 m, 0.01 m, 30 m) => 376.991 m^3
(2 m, 0.02 m, 10 m) => 125.664 m^3
(2 m, 0.02 m, 20 m) => 251.327 m^3
(2 m, 0.02 m, 30 m) => 376.991 m^3
(2 m, 0.03 m, 10 m) => 125.664 m^3
(2 m, 0.03 m, 20 m) => 251.327 m^3
(2 m, 0.03 m, 30 m) => 376.991 m^3
(3 m, 0.01 m, 10 m) => 282.743 m^3
(3 m, 0.01 m, 20 m) => 565.487 m^3
(3 m, 0.01 m, 30 m) => 848.23 m^3
(3 m, 0.02 m, 10 m) => 282.743 m^3
(3 m, 0.02 m, 20 m) => 565.487 m^3
(3 m, 0.02 m, 30 m) => 848.23 m^3
(3 m, 0.03 m, 10 m) => 282.743 m^3
(3 m, 0.03 m, 20 m) => 565.487 m^3
(3 m, 0.03 m, 30 m) => 848.23 m^3

