SPHERE INTERNAL VOLUME


[0] = 4.18879 m^3
[1] = 33.5103 m^3
[2] = 113.097 m^3

