ELLIPSOID INTERNAL VOLUME:


(1 m, 10 m) => 41.8879 m^3
(1 m, 20 m) => 83.7758 m^3
(1 m, 30 m) => 125.664 m^3
(2 m, 10 m) => 167.552 m^3
(2 m, 20 m) => 335.103 m^3
(2 m, 30 m) => 502.655 m^3
(3 m, 10 m) => 376.991 m^3
(3 m, 20 m) => 753.982 m^3
(3 m, 30 m) => 1130.97 m^3

